 --[[


 █▀▀▀█ █▀▀█ █▀▀█ ▀█▀   █▀▄▀█ █▀▀█ █▀▀█ █▀▀█ █▀▀▀ █▀▀█  
 ▀▀▀▄▄ █▄▄█ █░░░ ░█░   █▒█▒█ █▄▄█ █▄▄█ █▄▄█ █▀▀▀ █▄▄▀  
 █▄▄▄█ █░▒█ █▄▄█ ▄█▄   █░░▒█ █░▒█ █░░░ █░░░ █▄▄▄ █░▒█  

           NÃO RETIRE OS CREDITO 


 --]]




<map edf:definitions="editor_main">
    <removeWorldObject id="removeWorldObject (sm_bevhiltree) (1)" radius="8.8485546" interior="0" model="673" lodModel="0" posX="1329.5781" posY="-904.72656" posZ="37.84375" rotX="0" rotY="0" rotZ="0"></removeWorldObject>
    <removeWorldObject id="removeWorldObject (foodmartlawn) (1)" radius="23.706341" interior="0" model="5762" lodModel="5852" posX="1315.3672" posY="-887.46875" posZ="41.70313" rotX="0" rotY="0" rotZ="0"></removeWorldObject>
    <removeWorldObject id="removeWorldObject (Gen_doorSHOP3) (1)" radius="3.4566965" interior="0" model="1522" lodModel="0" posX="1314.7802" posY="-897.33142" posZ="39.06274" rotX="0" rotY="0" rotZ="0"></removeWorldObject>
    <removeWorldObject id="removeWorldObject (Streetlamp1) (1)" radius="4.9006982" interior="0" model="1232" lodModel="0" posX="1321.9875" posY="-910.17859" posZ="39.49561" rotX="0" rotY="0" rotZ="0"></removeWorldObject>
    <removeWorldObject id="removeWorldObject (sm_bevhiltree) (2)" radius="8.8485546" interior="0" model="673" lodModel="0" posX="1307.0781" posY="-904.72656" posZ="37.84375" rotX="0" rotY="0" rotZ="0"></removeWorldObject>
    <removeWorldObject id="removeWorldObject (Streetlamp1) (2)" radius="4.9006982" interior="0" model="1232" lodModel="0" posX="1307.2067" posY="-908.58197" posZ="39.69565" rotX="0" rotY="0" rotZ="0"></removeWorldObject>
    <object id="object (a51_jetdoor) (1)" breakable="true" interior="0" alpha="255" dimension="0" model="3095" scale="1" doublesided="false" collisions="true" frozen="false" posX="1311" posY="-866.90002" posZ="43" rotX="90" rotY="0" rotZ="270"></object>
    <object id="object (a51_jetdoor) (2)" breakable="true" interior="0" alpha="255" dimension="0" model="3095" scale="1" doublesided="false" collisions="true" frozen="false" posX="1311" posY="-858" posZ="43" rotX="90" rotY="0" rotZ="270"></object>
    <object id="object (a51_jetdoor) (3)" breakable="true" interior="0" alpha="255" dimension="0" model="3095" scale="1" doublesided="false" collisions="true" frozen="false" posX="1315.2002" posY="-854" posZ="43" rotX="90" rotY="0" rotZ="179.995"></object>
    <object id="object (a51_jetdoor) (4)" breakable="true" interior="0" alpha="255" dimension="0" model="3095" scale="1" doublesided="false" collisions="true" frozen="false" posX="1324.2" posY="-854" posZ="43" rotX="90" rotY="0" rotZ="179.995"></object>
    <object id="object (a51_jetdoor) (5)" breakable="true" interior="0" alpha="255" dimension="0" model="3095" scale="1" doublesided="false" collisions="true" frozen="false" posX="1328.2" posY="-858.09998" posZ="43" rotX="90" rotY="0" rotZ="90"></object>
    <object id="object (a51_jetdoor) (6)" breakable="true" interior="0" alpha="255" dimension="0" model="3095" scale="1" doublesided="false" collisions="true" frozen="false" posX="1328.19995" posY="-867.09998" posZ="43" rotX="90" rotY="0" rotZ="90"></object>
    <object id="object (a51_jetdoor) (8)" breakable="true" interior="0" alpha="255" dimension="0" model="3095" scale="1" doublesided="false" collisions="true" frozen="false" posX="1315" posY="-867" posZ="47.5" rotX="0" rotY="180" rotZ="180"></object>
    <object id="object (a51_jetdoor) (9)" breakable="true" interior="0" alpha="255" dimension="0" model="3095" scale="1" doublesided="false" collisions="true" frozen="false" posX="1323.7" posY="-867" posZ="47.5" rotX="0" rotY="179.995" rotZ="179.995"></object>
    <object id="object (a51_jetdoor) (10)" breakable="true" interior="0" alpha="255" dimension="0" model="3095" scale="1" doublesided="false" collisions="true" frozen="false" posX="1324.1" posY="-858" posZ="47.5" rotX="0" rotY="179.995" rotZ="179.995"></object>
    <object id="object (a51_jetdoor) (11)" breakable="true" interior="0" alpha="255" dimension="0" model="3095" scale="1" doublesided="false" collisions="true" frozen="false" posX="1315.3" posY="-858.09998" posZ="47.5" rotX="0" rotY="180" rotZ="180"></object>
    <object id="object (Gen_doorINT01) (1)" breakable="true" interior="0" alpha="255" dimension="0" model="1491" scale="1" doublesided="false" collisions="true" frozen="false" posX="1321.9" posY="-871.40002" posZ="38.5" rotX="0" rotY="0" rotZ="180"></object>
    <object id="object (Gen_doorINT01) (2)" breakable="true" interior="0" alpha="255" dimension="0" model="1491" scale="1" doublesided="false" collisions="true" frozen="false" posX="1318.9" posY="-871.40002" posZ="38.5" rotX="0" rotY="0" rotZ="0"></object>
    <object id="object (wglasssmash) (1)" breakable="true" interior="0" alpha="255" dimension="0" model="1649" scale="1.8" doublesided="true" collisions="false" frozen="false" posX="1314.9" posY="-871.40002" posZ="42.7" rotX="0" rotY="0" rotZ="0"></object>
    <object id="object (CJ_SEX_VIDEO_1) (1)" breakable="true" interior="0" alpha="255" dimension="0" model="2582" scale="1" doublesided="false" collisions="true" frozen="false" posX="1311.3" posY="-870.59998" posZ="39.3" rotX="0" rotY="0" rotZ="90"></object>
    <object id="object (ghostgardoor) (1)" breakable="true" interior="0" alpha="255" dimension="0" model="16637" scale="1" doublesided="false" collisions="true" frozen="false" posX="1312.8" posY="-871.40002" posZ="45.8" rotX="0" rotY="0" rotZ="270"></object>
    <object id="object (ghostgardoor) (3)" breakable="true" interior="0" alpha="255" dimension="0" model="16637" scale="1" doublesided="false" collisions="true" frozen="false" posX="1316.6" posY="-871.40002" posZ="45.8" rotX="0" rotY="0" rotZ="270"></object>
    <object id="object (ghostgardoor) (4)" breakable="true" interior="0" alpha="255" dimension="0" model="16637" scale="1" doublesided="false" collisions="true" frozen="false" posX="1317" posY="-871.40002" posZ="45.8" rotX="0" rotY="0" rotZ="270"></object>
    <object id="object (ghostgardoor) (5)" breakable="true" interior="0" alpha="255" dimension="0" model="16637" scale="1" doublesided="false" collisions="true" frozen="false" posX="1317" posY="-871.40002" posZ="38.4" rotX="0" rotY="0" rotZ="270"></object>
    <object id="object (ghostgardoor) (6)" breakable="true" interior="0" alpha="255" dimension="0" model="16637" scale="1" doublesided="false" collisions="true" frozen="false" posX="1314.2" posY="-871.40002" posZ="38.4" rotX="0" rotY="0" rotZ="270"></object>
    <object id="object (ghostgardoor) (7)" breakable="true" interior="0" alpha="255" dimension="0" model="16637" scale="1" doublesided="false" collisions="true" frozen="false" posX="1312.4" posY="-871.40002" posZ="38.4" rotX="0" rotY="0" rotZ="270"></object>
    <object id="object (ghostgardoor) (15)" breakable="true" interior="0" alpha="255" dimension="0" model="16637" scale="1" doublesided="false" collisions="true" frozen="false" posX="1323.7" posY="-871.40002" posZ="38.4" rotX="0" rotY="0" rotZ="270"></object>
    <object id="object (ghostgardoor) (16)" breakable="true" interior="0" alpha="255" dimension="0" model="16637" scale="1" doublesided="false" collisions="true" frozen="false" posX="1326.8" posY="-871.40002" posZ="38.4" rotX="0" rotY="0" rotZ="270"></object>
    <object id="object (wglasssmash) (2)" breakable="true" interior="0" alpha="255" dimension="0" model="1649" scale="1.6" doublesided="true" collisions="false" frozen="false" posX="1325.2" posY="-871.40002" posZ="42.5" rotX="0" rotY="180" rotZ="0"></object>
    <object id="object (ghostgardoor) (18)" breakable="true" interior="0" alpha="255" dimension="0" model="16637" scale="1" doublesided="false" collisions="true" frozen="false" posX="1326.4004" posY="-871.40039" posZ="45.8" rotX="0" rotY="0" rotZ="270"></object>
    <object id="object (ghostgardoor) (19)" breakable="true" interior="0" alpha="255" dimension="0" model="16637" scale="1" doublesided="false" collisions="true" frozen="false" posX="1324.5" posY="-871.40039" posZ="45.8" rotX="0" rotY="0" rotZ="270"></object>
    <object id="object (ghostgardoor) (22)" breakable="true" interior="0" alpha="255" dimension="0" model="16637" scale="1" doublesided="false" collisions="true" frozen="false" posX="1323.5" posY="-871.40002" posZ="45.8" rotX="0" rotY="0" rotZ="270"></object>
    <object id="object (ghostgardoor) (23)" breakable="true" interior="0" alpha="255" dimension="0" model="16637" scale="1" doublesided="false" collisions="true" frozen="false" posX="1320.4" posY="-871.40002" posZ="45.1" rotX="90" rotY="0" rotZ="270"></object>
    <object id="object (ghostgardoor) (24)" breakable="true" interior="0" alpha="255" dimension="0" model="16637" scale="1" doublesided="false" collisions="true" frozen="false" posX="1320.4" posY="-871.40002" posZ="42.9" rotX="90" rotY="0" rotZ="270"></object>
    <object id="object (ghostgardoor) (25)" breakable="true" interior="0" alpha="0" dimension="0" model="16637" scale="1" doublesided="false" collisions="true" frozen="false" posX="1326.4004" posY="-871.40039" posZ="42.8" rotX="0" rotY="0" rotZ="270"></object>
    <object id="object (ghostgardoor) (26)" breakable="true" interior="0" alpha="0" dimension="0" model="16637" scale="1" doublesided="false" collisions="true" frozen="false" posX="1326.4" posY="-871.40002" posZ="41.3" rotX="0" rotY="0" rotZ="270"></object>
    <object id="object (ghostgardoor) (27)" breakable="true" interior="0" alpha="0" dimension="0" model="16637" scale="1" doublesided="false" collisions="true" frozen="false" posX="1323.8" posY="-871.40002" posZ="41.3" rotX="0" rotY="0" rotZ="270"></object>
    <object id="object (ghostgardoor) (28)" breakable="true" interior="0" alpha="0" dimension="0" model="16637" scale="1" doublesided="false" collisions="true" frozen="false" posX="1323.8" posY="-871.40002" posZ="42.8" rotX="0" rotY="0" rotZ="270"></object>
    <object id="object (ghostgardoor) (29)" breakable="true" interior="0" alpha="0" dimension="0" model="16637" scale="1" doublesided="false" collisions="true" frozen="false" posX="1317" posY="-871.40002" posZ="42.9" rotX="0" rotY="0" rotZ="270"></object>
    <object id="object (ghostgardoor) (30)" breakable="true" interior="0" alpha="0" dimension="0" model="16637" scale="1" doublesided="false" collisions="true" frozen="false" posX="1317" posY="-871.40002" posZ="41.3" rotX="0" rotY="0" rotZ="270"></object>
    <object id="object (ghostgardoor) (31)" breakable="true" interior="0" alpha="0" dimension="0" model="16637" scale="1" doublesided="false" collisions="true" frozen="false" posX="1312.8" posY="-871.40002" posZ="41.3" rotX="0" rotY="0" rotZ="270"></object>
    <object id="object (ghostgardoor) (32)" breakable="true" interior="0" alpha="0" dimension="0" model="16637" scale="1" doublesided="false" collisions="true" frozen="false" posX="1312.8" posY="-871.40002" posZ="42.8" rotX="0" rotY="0" rotZ="270"></object>
    <object id="object (ghostgardoor) (33)" breakable="true" interior="0" alpha="0" dimension="0" model="16637" scale="1" doublesided="false" collisions="true" frozen="false" posX="1313.4" posY="-871.40002" posZ="41.3" rotX="0" rotY="0" rotZ="270"></object>
    <object id="object (ghostgardoor) (34)" breakable="true" interior="0" alpha="0" dimension="0" model="16637" scale="1" doublesided="false" collisions="true" frozen="false" posX="1313.4" posY="-871.40002" posZ="42.8" rotX="0" rotY="0" rotZ="270"></object>
    <object id="object (CJ_SEX_VIDEO_1) (2)" breakable="true" interior="0" alpha="255" dimension="0" model="2582" scale="1" doublesided="false" collisions="true" frozen="false" posX="1311.3" posY="-869.09998" posZ="39.3" rotX="0" rotY="0" rotZ="90"></object>
    <object id="object (CJ_SEX_VIDEO_1) (3)" breakable="true" interior="0" alpha="255" dimension="0" model="2582" scale="1" doublesided="false" collisions="true" frozen="false" posX="1311.3" posY="-867.59998" posZ="39.3" rotX="0" rotY="0" rotZ="90"></object>
    <object id="object (CJ_SEX_VIDEO_1) (4)" breakable="true" interior="0" alpha="255" dimension="0" model="2582" scale="1" doublesided="false" collisions="true" frozen="false" posX="1311.3" posY="-866.09998" posZ="39.3" rotX="0" rotY="0" rotZ="90"></object>
    <object id="object (CJ_SEX_VIDEO_1) (5)" breakable="true" interior="0" alpha="255" dimension="0" model="2582" scale="1" doublesided="false" collisions="true" frozen="false" posX="1311.3" posY="-864.59998" posZ="39.3" rotX="0" rotY="0" rotZ="90"></object>
    <object id="object (CJ_SEX_VIDEO_1) (6)" breakable="true" interior="0" alpha="255" dimension="0" model="2582" scale="1" doublesided="false" collisions="true" frozen="false" posX="1311.3" posY="-863.09998" posZ="39.3" rotX="0" rotY="0" rotZ="90"></object>
    <object id="object (CJ_SEX_VIDEO_1) (7)" breakable="true" interior="0" alpha="255" dimension="0" model="2582" scale="1" doublesided="false" collisions="true" frozen="false" posX="1311.3" posY="-861.59998" posZ="39.3" rotX="0" rotY="0" rotZ="90"></object>
    <object id="object (CJ_SEX_VIDEO_1) (8)" breakable="true" interior="0" alpha="255" dimension="0" model="2582" scale="1" doublesided="false" collisions="true" frozen="false" posX="1311.3" posY="-860.09998" posZ="39.3" rotX="0" rotY="0" rotZ="90"></object>
    <object id="object (CJ_SEX_VIDEO_1) (9)" breakable="true" interior="0" alpha="255" dimension="0" model="2582" scale="1" doublesided="false" collisions="true" frozen="false" posX="1311.3" posY="-858.59998" posZ="39.3" rotX="0" rotY="0" rotZ="90"></object>
    <object id="object (CJ_SEX_VIDEO_1) (10)" breakable="true" interior="0" alpha="255" dimension="0" model="2582" scale="1" doublesided="false" collisions="true" frozen="false" posX="1311.3" posY="-857.09998" posZ="39.3" rotX="0" rotY="0" rotZ="90"></object>
    <object id="object (CJ_SEX_VIDEO_1) (11)" breakable="true" interior="0" alpha="255" dimension="0" model="2582" scale="1" doublesided="false" collisions="true" frozen="false" posX="1311.3" posY="-855.59998" posZ="39.3" rotX="0" rotY="0" rotZ="90"></object>
    <object id="object (SEX_2) (1)" breakable="true" interior="0" alpha="255" dimension="0" model="2587" scale="1" doublesided="false" collisions="true" frozen="false" posX="1322.5996" posY="-871.59961" posZ="39.4" rotX="0" rotY="0" rotZ="0"></object>
    <object id="object (SEX_3) (1)" breakable="true" interior="0" alpha="255" dimension="0" model="2588" scale="1" doublesided="false" collisions="true" frozen="false" posX="1318.2002" posY="-871.5" posZ="39.3" rotX="0" rotY="0" rotZ="0"></object>
    <object id="object (CJ_sex_dildo) (10)" breakable="true" interior="0" alpha="255" dimension="0" model="2584" scale="1" doublesided="false" collisions="true" frozen="false" posX="1315.9" posY="-868.29999" posZ="39.4" rotX="0" rotY="0" rotZ="0"></object>
    <object id="object (CJ_SEX_COUNTER03) (1)" breakable="true" interior="0" alpha="255" dimension="0" model="14666" scale="2" doublesided="false" collisions="true" frozen="false" posX="1328" posY="-862.2002" posZ="43.1" rotX="29.998" rotY="0" rotZ="0"></object>
    <object id="object (CJ_sex_dildo) (14)" breakable="true" interior="0" alpha="255" dimension="0" model="2584" scale="1" doublesided="false" collisions="true" frozen="false" posX="1315.9" posY="-865.09998" posZ="39.4" rotX="0" rotY="0" rotZ="0"></object>
    <object id="object (CJ_sex_dildo) (18)" breakable="true" interior="0" alpha="255" dimension="0" model="2584" scale="1" doublesided="false" collisions="true" frozen="false" posX="1315.9" posY="-861.90002" posZ="39.4" rotX="0" rotY="0" rotZ="0"></object>
    <object id="object (CJ_sex_dildo) (22)" breakable="true" interior="0" alpha="255" dimension="0" model="2584" scale="1" doublesided="false" collisions="true" frozen="false" posX="1315.9" posY="-858.70001" posZ="39.4" rotX="0" rotY="0" rotZ="0"></object>
    <object id="object (CJ_SEX_SHELF_2) (1)" breakable="true" interior="0" alpha="255" dimension="0" model="2579" scale="1" doublesided="false" collisions="true" frozen="false" posX="1316" posY="-854.20001" posZ="39.6" rotX="0" rotY="0" rotZ="0"></object>
    <object id="object (CJ_SEX_SHELF_2) (2)" breakable="true" interior="0" alpha="255" dimension="0" model="2579" scale="1" doublesided="false" collisions="true" frozen="false" posX="1315" posY="-854.20001" posZ="39.6" rotX="0" rotY="0" rotZ="0"></object>
    <object id="object (CJ_SEX_SHELF_2) (3)" breakable="true" interior="0" alpha="255" dimension="0" model="2579" scale="1" doublesided="false" collisions="true" frozen="false" posX="1314" posY="-854.20001" posZ="39.6" rotX="0" rotY="0" rotZ="0"></object>
    <object id="object (CJ_SEX_SHELF_2) (4)" breakable="true" interior="0" alpha="255" dimension="0" model="2579" scale="1" doublesided="false" collisions="true" frozen="false" posX="1313" posY="-854.20001" posZ="39.6" rotX="0" rotY="0" rotZ="0"></object>
    <object id="object (CJ_SEX_SHELF_2) (5)" breakable="true" interior="0" alpha="255" dimension="0" model="2579" scale="1" doublesided="false" collisions="true" frozen="false" posX="1312" posY="-854.20001" posZ="39.6" rotX="0" rotY="0" rotZ="0"></object>
    <object id="object (CJ_SEX_SHELF_3) (2)" breakable="true" interior="0" alpha="255" dimension="0" model="2585" scale="1" doublesided="false" collisions="true" frozen="false" posX="1323.9" posY="-854.20001" posZ="39.6" rotX="0" rotY="0" rotZ="0"></object>
    <object id="object (CJ_SEX_SHELF_3) (3)" breakable="true" interior="0" alpha="255" dimension="0" model="2585" scale="1" doublesided="false" collisions="true" frozen="false" posX="1324.9" posY="-854.20001" posZ="39.6" rotX="0" rotY="0" rotZ="0"></object>
    <object id="object (CJ_SEX_SHELF_3) (4)" breakable="true" interior="0" alpha="255" dimension="0" model="2585" scale="1" doublesided="false" collisions="true" frozen="false" posX="1325.9" posY="-854.20001" posZ="39.6" rotX="0" rotY="0" rotZ="0"></object>
    <object id="object (CJ_SEX_SHELF_3) (5)" breakable="true" interior="0" alpha="255" dimension="0" model="2585" scale="1" doublesided="false" collisions="true" frozen="false" posX="1326.9" posY="-854.20001" posZ="39.6" rotX="0" rotY="0" rotZ="0"></object>
    <object id="object (CJ_SEX_COUNTER2) (1)" breakable="true" interior="0" alpha="255" dimension="0" model="2586" scale="1" doublesided="false" collisions="true" frozen="false" posX="1324.7002" posY="-866" posZ="39.1" rotX="0" rotY="0" rotZ="270"></object>
    <object id="object (CJ_SEX_COUNTER2) (2)" breakable="true" interior="0" alpha="255" dimension="0" model="2586" scale="1" doublesided="false" collisions="true" frozen="false" posX="1324.7" posY="-863.70001" posZ="39.1" rotX="0" rotY="0" rotZ="270"></object>
    <object id="object (CJ_SEX_COUNTER2) (3)" breakable="true" interior="0" alpha="255" dimension="0" model="2586" scale="1" doublesided="false" collisions="true" frozen="false" posX="1324.7" posY="-861.40002" posZ="39.1" rotX="0" rotY="0" rotZ="270"></object>
    <object id="object (CJ_SEX_VIDEO_2) (1)" breakable="true" interior="0" alpha="255" dimension="0" model="2583" scale="1" doublesided="false" collisions="true" frozen="false" posX="1327.9" posY="-870.5" posZ="39.4" rotX="0" rotY="0" rotZ="270"></object>
    <object id="object (CJ_SEX_VIDEO_2) (2)" breakable="true" interior="0" alpha="255" dimension="0" model="2583" scale="1" doublesided="false" collisions="true" frozen="false" posX="1327.9" posY="-869" posZ="39.4" rotX="0" rotY="0" rotZ="270"></object>
    <object id="object (CJ_SEX_VIDEO_2) (3)" breakable="true" interior="0" alpha="255" dimension="0" model="2583" scale="1" doublesided="false" collisions="true" frozen="false" posX="1327.9" posY="-867.5" posZ="39.4" rotX="0" rotY="0" rotZ="270"></object>
    <object id="object (CJ_SEX_VIDEO_2) (4)" breakable="true" interior="0" alpha="255" dimension="0" model="2583" scale="1" doublesided="false" collisions="true" frozen="false" posX="1327.9" posY="-866" posZ="39.4" rotX="0" rotY="0" rotZ="270"></object>
    <object id="object (CJ_SEX_VIDEO_2) (5)" breakable="true" interior="0" alpha="255" dimension="0" model="2583" scale="1" doublesided="false" collisions="true" frozen="false" posX="1327.9" posY="-864.5" posZ="39.4" rotX="0" rotY="0" rotZ="270"></object>
    <object id="object (CJ_SEX_VIDEO_2) (6)" breakable="true" interior="0" alpha="255" dimension="0" model="2583" scale="1" doublesided="false" collisions="true" frozen="false" posX="1327.9" posY="-863.09998" posZ="39.4" rotX="0" rotY="0" rotZ="270"></object>
    <object id="object (CJ_SEX_VIDEO_2) (7)" breakable="true" interior="0" alpha="255" dimension="0" model="2583" scale="1" doublesided="false" collisions="true" frozen="false" posX="1327.9" posY="-861.59998" posZ="39.4" rotX="0" rotY="0" rotZ="270"></object>
    <object id="object (CJ_SEX_VIDEO_2) (8)" breakable="true" interior="0" alpha="255" dimension="0" model="2583" scale="1" doublesided="false" collisions="true" frozen="false" posX="1327.9" posY="-860.09998" posZ="39.4" rotX="0" rotY="0" rotZ="270"></object>
    <object id="object (CJ_SEX_VIDEO_2) (9)" breakable="true" interior="0" alpha="255" dimension="0" model="2583" scale="1" doublesided="false" collisions="true" frozen="false" posX="1327.9" posY="-858.59998" posZ="39.4" rotX="0" rotY="0" rotZ="270"></object>
    <object id="object (CJ_SEX_VIDEO_2) (10)" breakable="true" interior="0" alpha="255" dimension="0" model="2583" scale="1" doublesided="false" collisions="true" frozen="false" posX="1327.9" posY="-857.09998" posZ="39.4" rotX="0" rotY="0" rotZ="270"></object>
    <object id="object (CJ_SEX_VIDEO_2) (11)" breakable="true" interior="0" alpha="255" dimension="0" model="2583" scale="1" doublesided="false" collisions="true" frozen="false" posX="1327.9" posY="-855.59998" posZ="39.4" rotX="0" rotY="0" rotZ="270"></object>
    <object id="object (CJ_SEX_VIDEO_2) (12)" breakable="true" interior="0" alpha="255" dimension="0" model="2583" scale="1" doublesided="false" collisions="true" frozen="false" posX="1327.9" posY="-854.79999" posZ="39.4" rotX="0" rotY="0" rotZ="270"></object>
    <object id="object (CJ_SEX_COUNTER2) (4)" breakable="true" interior="0" alpha="255" dimension="0" model="2586" scale="1" doublesided="false" collisions="true" frozen="false" posX="1324.7" posY="-859.09998" posZ="39.1" rotX="0" rotY="0" rotZ="270"></object>
    <object id="object (CJ_SEX_V_RACK) (1)" breakable="true" interior="0" alpha="255" dimension="0" model="2581" scale="1" doublesided="false" collisions="true" frozen="false" posX="1317.9" posY="-854.20001" posZ="39.7" rotX="0" rotY="0" rotZ="0"></object>
    <object id="object (CJ_SEX_V_RACK) (2)" breakable="true" interior="0" alpha="255" dimension="0" model="2581" scale="1" doublesided="false" collisions="true" frozen="false" posX="1320" posY="-854.20001" posZ="39.7" rotX="0" rotY="0" rotZ="0"></object>
    <object id="object (CJ_SEX_V_RACK) (3)" breakable="true" interior="0" alpha="255" dimension="0" model="2581" scale="1" doublesided="false" collisions="true" frozen="false" posX="1322.1" posY="-854.20001" posZ="39.7" rotX="0" rotY="0" rotZ="0"></object>
    <object id="object (CJ_OPEN_SIGN_2) (1)" breakable="true" interior="0" alpha="255" dimension="0" model="2714" scale="2" doublesided="false" collisions="true" frozen="false" posX="1320.4004" posY="-871.5" posZ="41.8" rotX="0" rotY="0" rotZ="0"></object>
    <object id="object (CJ_SEX_TV) (1)" breakable="true" interior="0" alpha="255" dimension="0" model="2596" scale="1" doublesided="false" collisions="true" frozen="false" posX="1327.7998" posY="-854.2998" posZ="41.2" rotX="0" rotY="0" rotZ="299.998"></object>
    <object id="object (CJ_F_TORSO_1) (1)" breakable="true" interior="0" alpha="255" dimension="0" model="2411" scale="1" doublesided="false" collisions="true" frozen="false" posX="1324.5" posY="-859.29999" posZ="40" rotX="0" rotY="0" rotZ="270"></object>
    <object id="object (htl_fan_rotate_dy) (1)" breakable="true" interior="0" alpha="255" dimension="0" model="1661" scale="1.5" doublesided="true" collisions="true" frozen="false" posX="1319.2998" posY="-861.7998" posZ="46.4" rotX="0" rotY="0" rotZ="0"></object>
    <object id="object (CJ_DETECTOR) (1)" breakable="true" interior="0" alpha="255" dimension="0" model="2412" scale="1" doublesided="false" collisions="true" frozen="false" posX="1319.2002" posY="-870.7998" posZ="38.6" rotX="0" rotY="0" rotZ="0"></object>
    <object id="object (CJ_DETECTOR) (2)" breakable="true" interior="0" alpha="255" dimension="0" model="2412" scale="1" doublesided="false" collisions="true" frozen="false" posX="1319.2" posY="-870.29999" posZ="38.6" rotX="0" rotY="0" rotZ="0"></object>
    <object id="object (CJ_DETECTOR) (3)" breakable="true" interior="0" alpha="255" dimension="0" model="2412" scale="1" doublesided="false" collisions="true" frozen="false" posX="1322.3" posY="-870.90002" posZ="38.6" rotX="0" rotY="0" rotZ="0"></object>
    <object id="object (CJ_DETECTOR) (4)" breakable="true" interior="0" alpha="255" dimension="0" model="2412" scale="1" doublesided="false" collisions="true" frozen="false" posX="1322.3" posY="-870.40002" posZ="38.6" rotX="0" rotY="0" rotZ="0"></object>
    <object id="object (MODEL_YAUGHT) (1)" breakable="true" interior="0" alpha="255" dimension="0" model="2484" scale="1" doublesided="false" collisions="true" frozen="false" posX="1324.5996" posY="-861.7998" posZ="40.5" rotX="0" rotY="0" rotZ="270"></object>
    <object id="object (DYN_FF_TILL) (1)" breakable="true" interior="0" alpha="255" dimension="0" model="1514" scale="1" doublesided="false" collisions="true" frozen="false" posX="1321.6" posY="-857.09998" posZ="39.7" rotX="0" rotY="0" rotZ="0"></object>
    <object id="object (shlf5_till) (1)" breakable="true" interior="0" alpha="255" dimension="0" model="1984" scale="1" doublesided="false" collisions="true" frozen="false" posX="1321.5" posY="-856.90002" posZ="38.6" rotX="0" rotY="0" rotZ="180"></object>
    <object id="object (WATCH_PICKUP) (1)" breakable="true" interior="0" alpha="255" dimension="0" model="2710" scale="1" doublesided="false" collisions="true" frozen="false" posX="1319.8" posY="-856.70001" posZ="39.63" rotX="0" rotY="0" rotZ="180"></object>
    <object id="object (cntrlrsac1) (1)" breakable="true" interior="0" alpha="255" dimension="0" model="1597" scale="1" doublesided="false" collisions="true" frozen="false" posX="1332.7" posY="-881" posZ="41.1" rotX="0" rotY="0" rotZ="0"></object>
    <object id="object (cntrlrsac1) (2)" breakable="true" interior="0" alpha="255" dimension="0" model="1597" scale="1" doublesided="false" collisions="true" frozen="false" posX="1332.5996" posY="-890.7002" posZ="41.1" rotX="0" rotY="0" rotZ="0"></object>
    <object id="object (cntrlrsac1) (3)" breakable="true" interior="0" alpha="255" dimension="0" model="1597" scale="1" doublesided="false" collisions="true" frozen="false" posX="1332.6" posY="-899.79999" posZ="41.1" rotX="0" rotY="0" rotZ="0"></object>
    <object id="object (DockBarr1_LA) (1)" breakable="true" interior="0" alpha="255" dimension="0" model="3578" scale="1" doublesided="false" collisions="true" frozen="false" posX="1326.8" posY="-901.5" posZ="37.8" rotX="0" rotY="0" rotZ="0"></object>
    <object id="object (DockBarr1_LA) (2)" breakable="true" interior="0" alpha="255" dimension="0" model="3578" scale="1" doublesided="false" collisions="true" frozen="false" posX="1326.7998" posY="-895.7998" posZ="37.8" rotX="0" rotY="0" rotZ="0"></object>
    <object id="object (DockBarr1_LA) (3)" breakable="true" interior="0" alpha="255" dimension="0" model="3578" scale="1" doublesided="false" collisions="true" frozen="false" posX="1326.7998" posY="-889.7998" posZ="37.8" rotX="0" rotY="0" rotZ="0"></object>
    <object id="object (DockBarr1_LA) (4)" breakable="true" interior="0" alpha="255" dimension="0" model="3578" scale="1" doublesided="false" collisions="true" frozen="false" posX="1327" posY="-884.20001" posZ="37.8" rotX="0" rotY="0" rotZ="0"></object>
    <object id="object (DockBarr1_LA) (5)" breakable="true" interior="0" alpha="255" dimension="0" model="3578" scale="1" doublesided="false" collisions="true" frozen="false" posX="1327" posY="-877.7002" posZ="37.8" rotX="0" rotY="0" rotZ="0"></object>
    <object id="object (Streetlamp1) (1)" breakable="true" interior="0" alpha="255" dimension="0" model="1232" scale="1" doublesided="false" collisions="true" frozen="false" posX="1332.5" posY="-895.70001" posZ="41.1" rotX="0" rotY="0" rotZ="0"></object>
    <object id="object (Streetlamp1) (2)" breakable="true" interior="0" alpha="255" dimension="0" model="1232" scale="1" doublesided="false" collisions="true" frozen="false" posX="1332.7002" posY="-885.7998" posZ="41" rotX="0" rotY="0" rotZ="0"></object>
    <object id="object (KEV_SAFE) (1)" breakable="true" interior="0" alpha="255" dimension="0" model="2332" scale="1" doublesided="false" collisions="true" frozen="false" posX="1319.5" posY="-856.20001" posZ="39" rotX="0" rotY="0" rotZ="180"></object>
    <object id="object (cr_safe_body) (1)" breakable="true" interior="0" alpha="255" dimension="0" model="2003" scale="1" doublesided="false" collisions="true" frozen="false" posX="1321.6" posY="-856.20001" posZ="39" rotX="0" rotY="0" rotZ="180"></object>
    <object id="object (cr_safe_cash) (2)" breakable="true" interior="0" alpha="255" dimension="0" model="2005" scale="1" doublesided="true" collisions="true" frozen="false" posX="1321.6" posY="-856.09998" posZ="38.9" rotX="0" rotY="0" rotZ="180"></object>
    <ped id="ped (1)" interior="0" rotZ="180" dimension="0" model="257" health="9999999999" armor="9999999999" collisions="true" alpha="255" frozen="true" posX="1320.6" posY="-855.90002" posZ="39.6" rotX="0" rotY="0"></ped>
    <object id="object (cntrlrsac1) (4)" breakable="true" interior="0" alpha="255" dimension="0" model="1597" scale="1" doublesided="false" collisions="true" frozen="false" posX="1304.9" posY="-898.90002" posZ="41.2" rotX="0" rotY="0" rotZ="0"></object>
    <object id="object (cntrlrsac1) (5)" breakable="true" interior="0" alpha="255" dimension="0" model="1597" scale="1" doublesided="false" collisions="true" frozen="false" posX="1304.9" posY="-889.20001" posZ="41.2" rotX="0" rotY="0" rotZ="0"></object>
    <object id="object (cntrlrsac1) (6)" breakable="true" interior="0" alpha="255" dimension="0" model="1597" scale="1" doublesided="false" collisions="true" frozen="false" posX="1304.9" posY="-879.59998" posZ="41.2" rotX="0" rotY="0" rotZ="0"></object>
    <object id="object (DockBarr1_LA) (6)" breakable="true" interior="0" alpha="255" dimension="0" model="3578" scale="1" doublesided="false" collisions="true" frozen="false" posX="1311.1" posY="-876" posZ="37.8" rotX="0" rotY="0" rotZ="0"></object>
    <object id="object (DockBarr1_LA) (7)" breakable="true" interior="0" alpha="255" dimension="0" model="3578" scale="1" doublesided="false" collisions="true" frozen="false" posX="1311.1" posY="-882.09998" posZ="37.8" rotX="0" rotY="0" rotZ="0"></object>
    <object id="object (DockBarr1_LA) (8)" breakable="true" interior="0" alpha="255" dimension="0" model="3578" scale="1" doublesided="false" collisions="true" frozen="false" posX="1311.1" posY="-887.5" posZ="37.8" rotX="0" rotY="0" rotZ="0"></object>
    <object id="object (DockBarr1_LA) (9)" breakable="true" interior="0" alpha="255" dimension="0" model="3578" scale="1" doublesided="false" collisions="true" frozen="false" posX="1311.1" posY="-893.09998" posZ="37.8" rotX="0" rotY="0" rotZ="0"></object>
    <object id="object (DockBarr1_LA) (10)" breakable="true" interior="0" alpha="255" dimension="0" model="3578" scale="1" doublesided="false" collisions="true" frozen="false" posX="1311.1" posY="-898.40002" posZ="37.8" rotX="0" rotY="0" rotZ="0"></object>
    <object id="object (Streetlamp1) (3)" breakable="true" interior="0" alpha="255" dimension="0" model="1232" scale="1" doublesided="false" collisions="true" frozen="false" posX="1304.9" posY="-884.40002" posZ="41.2" rotX="0" rotY="0" rotZ="0"></object>
    <object id="object (Streetlamp1) (4)" breakable="true" interior="0" alpha="255" dimension="0" model="1232" scale="1" doublesided="false" collisions="true" frozen="false" posX="1305.2" posY="-894.09998" posZ="41.2" rotX="0" rotY="0" rotZ="0"></object>
</map>
